BL51 BANKED LINKER/LOCATER V6.22                                                        03/31/2018  01:31:35  PAGE 1


BL51 BANKED LINKER/LOCATER V6.22, INVOKED BY:
C:\KEIL_V5_C51\C51\BIN\BL51.EXE .\Objects\STARTUP.obj, .\Objects\Common.obj, .\Objects\Delay.obj, .\Objects\MAIN.obj TO 
>> .\Objects\test PRINT (.\Listings\test.m51) RAMSIZE (256) DISABLEWARNING (16)


MEMORY MODEL: SMALL


INPUT MODULES INCLUDED:
  .\Objects\STARTUP.obj (?C_STARTUP)
  .\Objects\Common.obj (COMMON)
  .\Objects\Delay.obj (DELAY)
  .\Objects\MAIN.obj (MAIN)
  C:\KEIL_V5_C51\C51\LIB\C51S.LIB (?C?ULDIV)
  C:\KEIL_V5_C51\C51\LIB\C51S.LIB (?C?ULCMP)
  C:\KEIL_V5_C51\C51\LIB\C51S.LIB (?C?ULSHR)


LINK MAP OF MODULE:  .\Objects\test (?C_STARTUP)


            TYPE    BASE      LENGTH    RELOCATION   SEGMENT NAME
            -----------------------------------------------------

            * * * * * * *   D A T A   M E M O R Y   * * * * * * *
            REG     0000H     0008H     ABSOLUTE     "REG BANK 0"
            DATA    0008H     0005H     UNIT         _DATA_GROUP_
            DATA    000DH     0004H     UNIT         ?DT?_INITIALUART1_TIMER3?COMMON
            DATA    0011H     0004H     UNIT         ?DT?_TIMER0_DELAY100US?DELAY
            DATA    0015H     0004H     UNIT         ?DT?_TIMER0_DELAY1MS?DELAY
            DATA    0019H     0004H     UNIT         ?DT?_TIMER1_DELAY10MS?DELAY
                    001DH     0003H                  *** GAP ***
            BIT     0020H.0   0000H.1   UNIT         ?BI?DELAY
                    0020H.1   0000H.7                *** GAP ***
            DATA    0021H     0004H     UNIT         ?DT?_TIMER3_DELAY100MS?DELAY
            DATA    0025H     0004H     UNIT         ?DT?_TIMER3_DELAY10US?DELAY
            IDATA   0029H     0001H     UNIT         ?STACK

            * * * * * * *   C O D E   M E M O R Y   * * * * * * *
            CODE    0000H     0003H     ABSOLUTE     
                    0003H     07FDH                  *** GAP ***
            CODE    0800H     00F2H     UNIT         ?C?LIB_CODE
            CODE    08F2H     0069H     UNIT         ?PR?_INITIALUART0_TIMER3?COMMON
            CODE    095BH     0064H     UNIT         ?PR?_INITIALUART1_TIMER3?COMMON
            CODE    09BFH     0055H     UNIT         ?PR?MAIN?MAIN
            CODE    0A14H     004EH     UNIT         ?PR?_TIMER2_DELAY500US?DELAY
            CODE    0A62H     004DH     UNIT         ?PR?_TIMER3_DELAY100MS?DELAY
            CODE    0AAFH     004DH     UNIT         ?PR?_TIMER3_DELAY10US?DELAY
            CODE    0AFCH     004BH     UNIT         ?PR?_TIMER0_DELAY100US?DELAY
            CODE    0B47H     004BH     UNIT         ?PR?_TIMER0_DELAY1MS?DELAY
            CODE    0B92H     004BH     UNIT         ?PR?_TIMER1_DELAY10MS?DELAY
            CODE    0BDDH     0039H     UNIT         ?PR?_INITIALUART0_TIMER1?COMMON
            CODE    0C16H     000CH     UNIT         ?C_C51STARTUP
            CODE    0C22H     0008H     UNIT         ?PR?RECEIVE_DATA_FROM_UART0?COMMON
            CODE    0C2AH     0008H     UNIT         ?PR?_SEND_DATA_TO_UART0?COMMON
            CODE    0C32H     0008H     UNIT         ?PR?RECEIVE_DATA_FROM_UART1?COMMON
            CODE    0C3AH     0008H     UNIT         ?PR?_SEND_DATA_TO_UART1?COMMON

BL51 BANKED LINKER/LOCATER V6.22                                                      03/31/2018  01:31:35  PAGE 2




OVERLAY MAP OF MODULE:   .\Objects\test (?C_STARTUP)


SEGMENT                                      DATA_GROUP 
  +--> CALLED SEGMENT                      START    LENGTH
----------------------------------------------------------
?C_C51STARTUP                              -----    -----
  +--> ?PR?MAIN?MAIN

?PR?MAIN?MAIN                              0008H    0001H
  +--> ?PR?_INITIALUART0_TIMER3?COMMON
  +--> ?PR?_TIMER2_DELAY500US?DELAY
  +--> ?PR?_SEND_DATA_TO_UART0?COMMON

?PR?_INITIALUART0_TIMER3?COMMON            0009H    0004H

?PR?_TIMER2_DELAY500US?DELAY               0009H    0004H



SYMBOL TABLE OF MODULE:  .\Objects\test (?C_STARTUP)

  VALUE           TYPE          NAME
  ----------------------------------

  -------         MODULE        ?C_STARTUP
  C:0C16H         SEGMENT       ?C_C51STARTUP
  I:0029H         SEGMENT       ?STACK
  C:0000H         PUBLIC        ?C_STARTUP
  D:00E0H         SYMBOL        ACC
  D:00F0H         SYMBOL        B
  D:0083H         SYMBOL        DPH
  D:0082H         SYMBOL        DPL
  N:0000H         SYMBOL        IBPSTACK
  N:0100H         SYMBOL        IBPSTACKTOP
  N:0080H         SYMBOL        IDATALEN
  C:0C19H         SYMBOL        IDATALOOP
  N:0000H         SYMBOL        PBPSTACK
  N:0100H         SYMBOL        PBPSTACKTOP
  N:0000H         SYMBOL        PDATALEN
  N:0000H         SYMBOL        PDATASTART
  N:0000H         SYMBOL        PPAGE
  N:0000H         SYMBOL        PPAGEENABLE
  D:00A0H         SYMBOL        PPAGE_SFR
  D:0081H         SYMBOL        SP
  C:0C16H         SYMBOL        STARTUP1
  N:0000H         SYMBOL        XBPSTACK
  N:0000H         SYMBOL        XBPSTACKTOP
  N:0000H         SYMBOL        XDATALEN
  N:0000H         SYMBOL        XDATASTART
  C:0000H         LINE#         126
  C:0C16H         LINE#         133
  C:0C18H         LINE#         134
  C:0C19H         LINE#         135
  C:0C1AH         LINE#         136
BL51 BANKED LINKER/LOCATER V6.22                                                      03/31/2018  01:31:35  PAGE 3


  C:0C1CH         LINE#         185
  C:0C1FH         LINE#         196
  -------         ENDMOD        ?C_STARTUP

  -------         MODULE        COMMON
  C:0000H         SYMBOL        _ICE_DUMMY_
  D:00B1H         PUBLIC        P0M1
  D:00B3H         PUBLIC        P1M1
  D:00B2H         PUBLIC        P0M2
  D:0080H         PUBLIC        P0
  D:00B4H         PUBLIC        P1M2
  D:0090H         PUBLIC        P1
  D:00A0H         PUBLIC        P2
  D:00B0H         PUBLIC        P3
  D:00D8H         PUBLIC        PWMCON0
  D:00A8H         PUBLIC        IE
  D:00B8H         PUBLIC        IP
  B:0098H.0       PUBLIC        RI
  B:0098H.1       PUBLIC        TI
  B:00F8H.0       PUBLIC        RI_1
  B:00F8H.1       PUBLIC        TI_1
  D:0099H         PUBLIC        SBUF
  D:0087H         PUBLIC        PCON
  D:0098H         PUBLIC        SCON
  D:0089H         PUBLIC        TMOD
  D:0088H         PUBLIC        TCON
  D:009AH         PUBLIC        SBUF_1
  D:00F8H         PUBLIC        SCON_1
  D:00C6H         PUBLIC        RH3
  D:008DH         PUBLIC        TH1
  D:00C5H         PUBLIC        RL3
  C:0BDDH         PUBLIC        _InitialUART0_Timer1
  C:08F2H         PUBLIC        _InitialUART0_Timer3
  C:095BH         PUBLIC        _InitialUART1_Timer3
  B:0088H.6       PUBLIC        TR1
  D:00E8H         PUBLIC        ADCCON0
  C:0C2AH         PUBLIC        _Send_Data_To_UART0
  C:0C3AH         PUBLIC        _Send_Data_To_UART1
  D:00C0H         PUBLIC        I2CON
  D:00C8H         PUBLIC        T2CON
  D:00C4H         PUBLIC        T3CON
  C:0C22H         PUBLIC        Receive_Data_From_UART0
  C:0C32H         PUBLIC        Receive_Data_From_UART1
  D:008EH         PUBLIC        CKCON
  D:00D0H         PUBLIC        PSW
  -------         PROC          _INITIALUART0_TIMER1
  D:0004H         SYMBOL        u32Baudrate
  C:0BDDH         LINE#         21
  C:0BDDH         LINE#         22
  C:0BDDH         LINE#         23
  C:0BE3H         LINE#         24
  C:0BE9H         LINE#         26
  C:0BECH         LINE#         27
  C:0BEFH         LINE#         29
  C:0BF2H         LINE#         30
  C:0BF5H         LINE#         31
  C:0BF8H         LINE#         34
BL51 BANKED LINKER/LOCATER V6.22                                                      03/31/2018  01:31:35  PAGE 4


  C:0C11H         LINE#         39
  C:0C13H         LINE#         40
  C:0C15H         LINE#         41
  -------         ENDPROC       _INITIALUART0_TIMER1
  -------         PROC          _INITIALUART0_TIMER3
  D:0009H         SYMBOL        u32Baudrate
  C:08F2H         LINE#         43
  C:08FAH         LINE#         44
  C:08FAH         LINE#         45
  C:0900H         LINE#         46
  C:0906H         LINE#         48
  C:0909H         LINE#         49
  C:090CH         LINE#         50
  C:090FH         LINE#         51
  C:0912H         LINE#         54
  C:093BH         LINE#         55
  C:0955H         LINE#         61
  C:0958H         LINE#         62
  C:095AH         LINE#         63
  -------         ENDPROC       _INITIALUART0_TIMER3
  -------         PROC          RECEIVE_DATA_FROM_UART0
  -------         DO            
  D:0007H         SYMBOL        c
  -------         ENDDO         
  C:0C22H         LINE#         65
  C:0C22H         LINE#         66
  C:0C22H         LINE#         68
  C:0C25H         LINE#         69
  C:0C27H         LINE#         70
  C:0C29H         LINE#         71
  C:0C29H         LINE#         72
  -------         ENDPROC       RECEIVE_DATA_FROM_UART0
  -------         PROC          _SEND_DATA_TO_UART0
  D:0007H         SYMBOL        c
  C:0C2AH         LINE#         74
  C:0C2AH         LINE#         75
  C:0C2AH         LINE#         76
  C:0C2CH         LINE#         77
  C:0C2EH         LINE#         78
  C:0C31H         LINE#         79
  -------         ENDPROC       _SEND_DATA_TO_UART0
  -------         PROC          _INITIALUART1_TIMER3
  D:000DH         SYMBOL        u32Baudrate
  C:095BH         LINE#         85
  C:0963H         LINE#         86
  C:0963H         LINE#         87
  C:0969H         LINE#         88
  C:096FH         LINE#         90
  C:0972H         LINE#         91
  C:0975H         LINE#         92
  C:0978H         LINE#         95
  C:09A1H         LINE#         96
  C:09BBH         LINE#         102
  C:09BEH         LINE#         103
  -------         ENDPROC       _INITIALUART1_TIMER3
  -------         PROC          RECEIVE_DATA_FROM_UART1
  -------         DO            
BL51 BANKED LINKER/LOCATER V6.22                                                      03/31/2018  01:31:35  PAGE 5


  D:0007H         SYMBOL        c
  -------         ENDDO         
  C:0C32H         LINE#         105
  C:0C32H         LINE#         106
  C:0C32H         LINE#         109
  C:0C35H         LINE#         110
  C:0C37H         LINE#         111
  C:0C39H         LINE#         112
  C:0C39H         LINE#         113
  -------         ENDPROC       RECEIVE_DATA_FROM_UART1
  -------         PROC          _SEND_DATA_TO_UART1
  D:0007H         SYMBOL        c
  C:0C3AH         LINE#         115
  C:0C3AH         LINE#         116
  C:0C3AH         LINE#         117
  C:0C3CH         LINE#         118
  C:0C3EH         LINE#         119
  C:0C41H         LINE#         120
  -------         ENDPROC       _SEND_DATA_TO_UART1
  -------         ENDMOD        COMMON

  -------         MODULE        DELAY
  C:0000H         SYMBOL        _ICE_DUMMY_
  D:0080H         PUBLIC        P0
  D:0090H         PUBLIC        P1
  D:00A0H         PUBLIC        P2
  C:0AFCH         PUBLIC        _Timer0_Delay100us
  D:00B0H         PUBLIC        P3
  D:00D8H         PUBLIC        PWMCON0
  C:0A14H         PUBLIC        _Timer2_Delay500us
  D:00A8H         PUBLIC        IE
  D:00B8H         PUBLIC        IP
  C:0B47H         PUBLIC        _Timer0_Delay1ms
  B:0020H.0       PUBLIC        BIT_TMP
  D:0098H         PUBLIC        SCON
  D:0089H         PUBLIC        TMOD
  D:0088H         PUBLIC        TCON
  D:00F8H         PUBLIC        SCON_1
  B:0088H.5       PUBLIC        TF0
  C:0B92H         PUBLIC        _Timer1_Delay10ms
  B:0088H.7       PUBLIC        TF1
  B:00C8H.7       PUBLIC        TF2
  D:008CH         PUBLIC        TH0
  D:00C6H         PUBLIC        RH3
  D:008DH         PUBLIC        TH1
  D:00CDH         PUBLIC        TH2
  D:008AH         PUBLIC        TL0
  D:00C5H         PUBLIC        RL3
  D:008BH         PUBLIC        TL1
  D:00CCH         PUBLIC        TL2
  C:0AAFH         PUBLIC        _Timer3_Delay10us
  B:0088H.4       PUBLIC        TR0
  B:0088H.6       PUBLIC        TR1
  B:00C8H.2       PUBLIC        TR2
  D:00E8H         PUBLIC        ADCCON0
  D:00C0H         PUBLIC        I2CON
  D:00C9H         PUBLIC        T2MOD
BL51 BANKED LINKER/LOCATER V6.22                                                      03/31/2018  01:31:35  PAGE 6


  D:00C8H         PUBLIC        T2CON
  D:00C4H         PUBLIC        T3CON
  D:008EH         PUBLIC        CKCON
  D:00D0H         PUBLIC        PSW
  C:0A62H         PUBLIC        _Timer3_Delay100ms
  -------         PROC          _TIMER0_DELAY100US
  D:0011H         SYMBOL        u32CNT
  C:0AFCH         LINE#         21
  C:0B04H         LINE#         22
  C:0B04H         LINE#         23
  C:0B07H         LINE#         24
  C:0B0AH         LINE#         25
  C:0B0CH         LINE#         26
  C:0B1FH         LINE#         27
  C:0B1FH         LINE#         28
  C:0B22H         LINE#         29
  C:0B25H         LINE#         30
  C:0B28H         LINE#         31
  C:0B2AH         LINE#         32
  C:0B42H         LINE#         33
  C:0B44H         LINE#         34
  C:0B46H         LINE#         35
  -------         ENDPROC       _TIMER0_DELAY100US
  -------         PROC          _TIMER0_DELAY1MS
  D:0015H         SYMBOL        u32CNT
  C:0B47H         LINE#         37
  C:0B4FH         LINE#         38
  C:0B4FH         LINE#         39
  C:0B52H         LINE#         40
  C:0B55H         LINE#         41
  C:0B57H         LINE#         42
  C:0B6AH         LINE#         43
  C:0B6AH         LINE#         44
  C:0B6DH         LINE#         45
  C:0B70H         LINE#         46
  C:0B73H         LINE#         47
  C:0B75H         LINE#         48
  C:0B8DH         LINE#         49
  C:0B8FH         LINE#         50
  C:0B91H         LINE#         51
  -------         ENDPROC       _TIMER0_DELAY1MS
  -------         PROC          _TIMER1_DELAY10MS
  D:0019H         SYMBOL        u32CNT
  C:0B92H         LINE#         54
  C:0B9AH         LINE#         55
  C:0B9AH         LINE#         56
  C:0B9DH         LINE#         57
  C:0BA0H         LINE#         58
  C:0BA2H         LINE#         59
  C:0BB5H         LINE#         60
  C:0BB5H         LINE#         61
  C:0BB8H         LINE#         62
  C:0BBBH         LINE#         63
  C:0BBEH         LINE#         64
  C:0BC0H         LINE#         65
  C:0BD8H         LINE#         66
  C:0BDAH         LINE#         67
BL51 BANKED LINKER/LOCATER V6.22                                                      03/31/2018  01:31:35  PAGE 7


  C:0BDCH         LINE#         68
  -------         ENDPROC       _TIMER1_DELAY10MS
  -------         PROC          _TIMER2_DELAY500US
  D:0009H         SYMBOL        u32CNT
  C:0A14H         LINE#         70
  C:0A1CH         LINE#         71
  C:0A1CH         LINE#         72
  C:0A1FH         LINE#         73
  C:0A22H         LINE#         74
  C:0A25H         LINE#         75
  C:0A27H         LINE#         76
  C:0A3AH         LINE#         77
  C:0A3AH         LINE#         78
  C:0A3DH         LINE#         79
  C:0A40H         LINE#         80
  C:0A43H         LINE#         81
  C:0A45H         LINE#         82
  C:0A5DH         LINE#         83
  C:0A5FH         LINE#         84
  C:0A61H         LINE#         85
  -------         ENDPROC       _TIMER2_DELAY500US
  -------         PROC          _TIMER3_DELAY100MS
  D:0021H         SYMBOL        u32CNT
  C:0A62H         LINE#         87
  C:0A6AH         LINE#         88
  C:0A6AH         LINE#         89
  C:0A6DH         LINE#         90
  C:0A70H         LINE#         91
  C:0A83H         LINE#         92
  C:0A83H         LINE#         93
  C:0A86H         LINE#         94
  C:0A89H         LINE#         95
  C:0A8EH         LINE#         96
  C:0A91H         LINE#         97
  C:0AA9H         LINE#         98
  C:0AABH         LINE#         99
  C:0AAEH         LINE#         100
  -------         ENDPROC       _TIMER3_DELAY100MS
  -------         PROC          _TIMER3_DELAY10US
  D:0025H         SYMBOL        u32CNT
  C:0AAFH         LINE#         102
  C:0AB7H         LINE#         103
  C:0AB7H         LINE#         104
  C:0ABAH         LINE#         105
  C:0ABDH         LINE#         106
  C:0AD0H         LINE#         107
  C:0AD0H         LINE#         108
  C:0AD3H         LINE#         109
  C:0AD6H         LINE#         110
  C:0ADBH         LINE#         111
  C:0ADEH         LINE#         112
  C:0AF6H         LINE#         113
  C:0AF8H         LINE#         114
  C:0AFBH         LINE#         115
  -------         ENDPROC       _TIMER3_DELAY10US
  -------         ENDMOD        DELAY

BL51 BANKED LINKER/LOCATER V6.22                                                      03/31/2018  01:31:35  PAGE 8


  -------         MODULE        MAIN
  C:0000H         SYMBOL        _ICE_DUMMY_
  D:00B1H         PUBLIC        P0M1
  D:00B3H         PUBLIC        P1M1
  D:0080H         PUBLIC        P0
  D:00B4H         PUBLIC        P1M2
  D:0090H         PUBLIC        P1
  D:00ACH         PUBLIC        P3M1
  D:00A0H         PUBLIC        P2
  D:00B0H         PUBLIC        P3
  D:00ADH         PUBLIC        P3M2
  D:00D8H         PUBLIC        PWMCON0
  D:00A8H         PUBLIC        IE
  D:00B8H         PUBLIC        IP
  C:09BFH         PUBLIC        main
  B:0090H.0       PUBLIC        P10
  B:0090H.2       PUBLIC        P12
  B:00B0H.0       PUBLIC        P30
  D:0098H         PUBLIC        SCON
  D:0088H         PUBLIC        TCON
  D:00F8H         PUBLIC        SCON_1
  D:00E8H         PUBLIC        ADCCON0
  D:00C0H         PUBLIC        I2CON
  D:00C8H         PUBLIC        T2CON
  D:008EH         PUBLIC        CKCON
  D:00D0H         PUBLIC        PSW
  -------         PROC          MAIN
  -------         DO            
  D:0008H         SYMBOL        i
  -------         ENDDO         
  C:09BFH         LINE#         115
  C:09BFH         LINE#         116
  C:09BFH         LINE#         118
  C:09CCH         LINE#         119
  C:09D5H         LINE#         120
  C:09D8H         LINE#         123
  C:09D8H         LINE#         124
  C:09D8H         LINE#         125
  C:09DAH         LINE#         126
  C:09DCH         LINE#         127
  C:09E7H         LINE#         128
  C:09E9H         LINE#         129
  C:09F4H         LINE#         130
  C:09F9H         LINE#         132
  C:09FCH         LINE#         133
  C:09FFH         LINE#         134
  C:0A01H         LINE#         135
  C:0A03H         LINE#         136
  C:0A0AH         LINE#         137
  C:0A0CH         LINE#         138
  C:0A12H         LINE#         140
  -------         ENDPROC       MAIN
  -------         ENDMOD        MAIN

  -------         MODULE        ?C?ULDIV
  C:083CH         PUBLIC        ?C?ULDIV
  -------         ENDMOD        ?C?ULDIV
BL51 BANKED LINKER/LOCATER V6.22                                                      03/31/2018  01:31:35  PAGE 9



  -------         MODULE        ?C?ULCMP
  C:08CEH         PUBLIC        ?C?ULCMP
  -------         ENDMOD        ?C?ULCMP

  -------         MODULE        ?C?ULSHR
  C:08DFH         PUBLIC        ?C?ULSHR
  -------         ENDMOD        ?C?ULSHR

******************************************************************************
* RESTRICTED VERSION WITH 0800H BYTE CODE SIZE LIMIT; USED: 0353H BYTE (41%) *
******************************************************************************

Program Size: data=38.1 xdata=0 code=1093
LINK/LOCATE RUN COMPLETE.  0 WARNING(S),  0 ERROR(S)
